{
  "data": {
    "foo": "en_foo"
  },
  "__lang__": "en",
  "__langs__": ["en", "fr"]
}
