{
  "data": {},
  "__lang__": "fr",
  "__langs__": ["en", "fr"]
}
