{
  "foo": "This is a test.",
  "bar": "This is a test."
}