foo: this
bar: this and that
baz: this and this and that