foo: foo_text
bar: bar_text
baz: foo_text and bar_text