{
  "data": {
    "foo": "en_foo"
  },
  "__lang__": "EN",
  "__langs__": ["EN", "Fr"]
}
