{
  "data": {
    "foo": "fr_foo"
  },
  "__lang__": "Fr",
  "__langs__": ["EN", "Fr"]
}
