{
  "data": {
    "foo": "fr_foo",
    "bar": "fr_bar"
  },
  "__lang__": "fr",
  "__langs__": ["en", "fr"]
}
