{
  "foo": "123",
  "bar": "456",
  "__lang__": "en",
  "__langs__": [
    "en",
    "fr"
  ]
}