{
  "foo": "abc",
  "bar": "def",
  "__lang__": "fr",
  "__langs__": [
    "en",
    "fr"
  ]
}