{
  "__lang__": "foo",
  "__langs__": {
    "foo": "en_foo"
  }
}
