{
  "lang": "foo",
  "langs": {
    "foo": "fr_foo"
  }
}
