test:
  foo: override_foo_text
  bar: bar_text
  baz:
    - arrayVal1
    - arrayVal2
    - arrayVal3
  one: text1
  two: text2