book:
  title: Alice's Adventures in Wonderland
  auothor: Lewis Carroll
