book:
  title: Les Aventures d'Alice au pays des merveilles
  auothor: Lewis Carroll
