- title: Alice's Adventures in Wonderland
  auothor: Lewis Carroll
- title: The Adventures of Tom Sawyer
  auothor: Mark Twain
